;	ketta lugemise-kirjutamise värk ROM1 aadressil 0xC800
C800				XC800:
C800 : 3E FF 		"> "		mvi	a,0FFH
C802 : D3 88		"  "		out	088H
C804 : D3 FE 		"  "		out	0FEH
C806 : DB 99 		"  "		in	099H
C808 : E6 02 		"  "		ani	002H
C80A : CA 00 00		"   "		jz	L0000
C80D : AF 		" "		xra	a
C80E : DB 99 		"  "		in	099H
C810 : E6 3C 		" <"		ani	03CH
C812 : 1F 		" "		rar
C813 : 1F 		" "		rar
C814 : 47 		"G"		mov	b,a
C815 : B0 		" "		ora	b
C816 : CA 00 00 	"   "		jz	L0000
C819 : 32 55 B3 	"2U "		sta	XB355
C81C : 16 08 		"  "		mvi	d,008H		; read
C81E : 3A 56 B3 	":V "		lda	d_read_write
C821 : FE 00 		"  "		cpi	000H
C823 : CA 28 C8 	" ( "		jz	LC828
C826 : 16 88 		" "		mvi	d,088H		; write
				;
C828				LC828:
C828 : 21 53 B3 	"!S "		lxi	h,0B353H
C82B : 72 		"r"		mov	m,d
C82C : AF 		" "		xra	a
C82D : 32 54 B3 	"2T "		sta	XB354
C830				LC830:
C830 : CD 88 C8 	"   "		call	In99d6
C833				XC833:
C833 : CA 30 C8 	" 0 "		jz	LC830
C836				LC836:
C836 : DB 98 		"  "		in	098H
C838 : B8 		" "		cmp	b
C839 : C2 30 C8 	" 0 "		jnz	LC830
C83C				LC83C:
C83C : CD 88 C8 	"   "		call	In99d6
C83F : C2 3C C8 	" < "		jnz	LC83C
C842 : D3 FD 		"  "		out	0FDH
C844 : 0E 05 		"  "		mvi	c,005H
C846 : CD 9C C8 	"   "		call	LC89C
C849				XC849:
C849 : D3 BD 		"  "		out	0BDH
C84B : 0E 0A 		"  "		mvi	c,00AH
C84D : CD 9C C8 	"   "		call	LC89C
C850 : CD 88 C8 	"   "		call	In99d6
C853 : C2 36 C8 	" 6 "		jnz	LC836
C856 : 11 53 B3 	" S "		lxi	d,0B353H
C859 : 2A 5B B3 	"*[ "		lhld	dmaadr
C85C : EB 		" "		xchg
C85D : CD 30 CB 	" 0 "		call	LCB30
C860 : 11 53 B3 	" S "		lxi	d,0B353H
C863 : 2A 5B B3 	"*[ "		lhld	dmaadr
C866 : EB 		" "		xchg
C867 : CD 82 CB 	"   "		call	LCB82
C86A : C2 82 C8 	"   "		jnz	LC882
C86D : 3A 55 B3 	":U "		lda	XB355
C870 : B8 		" "		cmp	b
C871 : C2 82 C8 	"   "		jnz	LC882
C874 : 3A 54 B3 	":T "		lda	XB354
C877 : B7 		" "		ora	a
C878 : CA 82 C8 	"   "		jz	LC882
C87B : 3A 56 B3 	":V "		lda	XB356
C87E : 32 63 B3 	"2c "		sta	XB363
C881 : C9 		" "		ret
				;
C882				LC882:
C882 : 3E 0F 		"> "		mvi	a,00FH
C884 : 32 63 B3 	"2c "		sta	XB363
C887 : C9 		" "		ret
				;
C888				In99d6:
C888 : DB 99 		"  "		in	099H
C88A : E6 40 		" @"		ani	040H
C88C : C9 		" "		ret
				;
C88D				LC88D:
C88D : 79 		"y"		mov	a,c
C88E : BB 		" "		cmp	e
C88F : C2 95 C8 	"   "		jnz	LC895
C892 : 78 		"x"		mov	a,b
C893 : BA 		" "		cmp	d
C894 : C8 		" "		rz
C895				LC895:
C895 : 0A 		" "		ldax	b
C896 : 77 		"w"		mov	m,a
C897 : 03 		" "		inx	b
C898 : 23 		"#"		inx	h
C899 : C3 8D C8 	"   "		jmp	LC88D
				;
C89C				LC89C:
C89C : 0D 		" "		dcr	c
C89D : C2 9C C8 	"   "		jnz	LC89C
C8A0 : C9 		" "		ret
				;
